     1                                  [org 0x0100]
     2 00000000 A1[2800]                         mov ax,[num]     ; move number 6 to ax
     3 00000003 BB0400                           mov bx,4         ; for multiplication by 4
     4 00000006 B90400                           mov cx,4         ; counter
     5 00000009 0106[2A00]              mult:    add [mresult],ax ; start of loop
     6 0000000D 81E90100                         sub cx,1         ; updating counter
     7 00000011 75F6                             jnz mult         ; jumping to start of loop based on condition
     8                                           
     9 00000013 A1[2A00]                         mov ax,[mresult] ; moving previous answer to ax
    10 00000016 B90000                           mov cx,0         ; counter
    11 00000019 41                      division:inc cx           ; start of loop
    12 0000001A 2D0300                           sub ax,3         ; subtraction by three
    13 0000001D 75FA                             jnz division     ; jumping to start of loop based on condition
    14 0000001F 890E[2C00]                       mov [dresult],cx ; moving result to memory
    15                                           
    16 00000023 B8004C                           mov ax,0x4c00
    17 00000026 CD21                             int 0x21
    18 00000028 0600                    num:     dw 6
    19 0000002A 0000                    mresult: dw 0
    20 0000002C 0000                    dresult: dw 0
