     1                                  [org 0x0100]
     2                                  
     3 00000000 A1[3900]                          mov ax,[p] 
     4 00000003 8B16[3B00]                        mov dx,[q]
     5 00000007 39D0                              cmp ax,dx
     6 00000009 720D                              jb if             ; entering if block
     7                                          
     8 0000000B A1[3D00]                          mov ax,[r]        ; entering else block
     9 0000000E 39C2                              cmp dx,ax
    10 00000010 7215                              jb if2            ; entering else's if block
    11                                          
    12 00000012 A3[3F00]                          mov [smallest],ax ; entering else's else block
    13 00000015 E91C00                            jmp end
    14                                  
    15 00000018 8B16[3D00]              if:       mov dx,[r]        ; if block
    16 0000001C 39D0                              cmp ax,dx
    17 0000001E 720E                              jb if1            ; entring if's if block
    18                                          
    19 00000020 8916[3F00]                        mov [smallest],dx ; entering if's else block
    20 00000024 E90D00                            jmp end
    21                                  
    22 00000027 8916[3F00]              if2:      mov [smallest],dx ; else's if block
    23 0000002B E90600                            jmp end
    24                                  
    25 0000002E A3[3F00]                if1:      mov [smallest],ax ; if's if block
    26 00000031 E90000                            jmp end
    27                                  
    28 00000034 B8004C                  end:      mov ax,0x4c00
    29 00000037 CD21                              int 0x21
    30 00000039 2A00                    p :       dw 42
    31 0000003B 1200                    q:        dw 18
    32 0000003D 1E00                    r:        dw 30
    33 0000003F 0000                    smallest: dw 0
