     1                                  [org 0x0100]
     2 00000000 A1[3B00]                                mov ax,[temperature]       ; move temperature to ax
     3                                                  
     4 00000003 3D0000                                  cmp ax,0                   ; compare temperature with 0
     5 00000006 7C13                                    jl if1                     ; jump to first if block if temperature<0
     6                                                  
     7 00000008 3D1900                                  cmp ax,25                  ; compare temperature with 25
     8 0000000B 7C17                                    jl if2                     ; jump to second if block if temperature>=0 and temperature<25
     9                                                  
    10 0000000D 3D4600                                  cmp ax,70                  ; compare temperature with 70
    11 00000010 7C1B                                    jl if3                     ; jump to third if block if temperature>=25 and temperature<70
    12                                                  
    13 00000012 C706[3D00]0400                          mov word[classification],4 ; else block
    14 00000018 E91B00                                  jmp end
    15                                  
    16 0000001B C706[3D00]0100          if1:            mov word[classification],1 ; first if block
    17 00000021 E91200                                  jmp end
    18                                  
    19 00000024 C706[3D00]0200          if2:            mov word[classification],2 ; second if block
    20 0000002A E90900                                  jmp end
    21                                  
    22 0000002D C706[3D00]0300          if3:            mov word[classification],3 ; third if block
    23 00000033 E90000                                  jmp end
    24                                  
    25 00000036 B8004C                  end:            mov ax,0x4c00
    26 00000039 CD21                                    int 0x21
    27 0000003B 4E00                    temperature:    dw 78
    28 0000003D 0000                    classification: dw 0
