     1                                  ; a program to add three numbers using indirect addressing
     2                                  [org 0x100]
     3                                  
     4 00000000 BB[1C00]                mov bx, num1 ; point bx to first number
     5 00000003 8B07                    mov ax, [bx] ; load first number in ax
     6 00000005 81C30200                add bx, 2 ; advance bx to second number
     7 00000009 0307                    add ax, [bx] ; add second number to ax
     8 0000000B 81C30200                add bx, 2 ; advance bx to third number
     9 0000000F 0307                    add ax, [bx] ; add third number to ax
    10 00000011 81C30200                add bx, 2 ; advance bx to result
    11 00000015 8907                    mov [bx], ax ; store sum at num1+6
    12                                  
    13 00000017 B8004C                  mov ax, 0x4c00 ; terminate program
    14 0000001A CD21                    int 0x21
    15 0000001C 05000A000F000000        num1: dw 5, 10, 15, 0
