     1                                  [org 0x0100]
     2                                  
     3 00000000 8A26[3000]                       mov ah,[array]    ; ah will store max number
     4 00000004 A0[3000]                         mov al,[array]    ; al will store min number
     5 00000007 BB0100                           mov bx,1          ; bx will ax as counter  
     6                                  
     7 0000000A 8A8F[3000]              start:   mov cl,[array+bx] ; fetch each each element from arary
     8 0000000E 38CC                             cmp ah,cl         ; compare each element with current max 
     9 00000010 7215                             jb high           
    10 00000012 38C8                             cmp al,cl         ; compare each element with current min
    11 00000014 770D                             ja low
    12 00000016 81C30100                counter: add bx,1          ; increment bx each time
    13 0000001A 81FB0A00                         cmp bx,10         ; compare bx with 10
    14 0000001E 75EA                             jne start         ; jump to start until all numbers are fetched
    15 00000020 E90800                           jmp end
    16 00000023 88C8                    low:     mov al,cl         ; code to update min num
    17 00000025 EBEF                             jmp counter
    18 00000027 88CC                    high:    mov ah,cl         ; code to update max num
    19 00000029 EBEB                             jmp counter
    20                                  
    21 0000002B B8004C                  end:     mov ax,0x4c00
    22 0000002E CD21                             int 0x21
    23 00000030 010203040506070809-     array:   db 1,2,3,4,5,6,7,8,9,10
    24 00000039 0A                 
