     1                                  ; a program to add ten numbers without a separate counter
     2                                  [org 0x0100]
     3                                  
     4 00000000 BB0000                  mov bx, 0 ; initialize array index to zero
     5 00000003 B80000                  mov ax, 0 ; initialize sum to zero
     6 00000006 0387[1C00]              l1: add ax, [num1+bx] ; add number to ax
     7 0000000A 81C30200                add bx, 2 ; advance bx to next index
     8 0000000E 81FB1400                cmp bx, 20 ; are we beyond the last index
     9 00000012 75F2                    jne l1 ; if not add next number
    10 00000014 A3[3000]                mov [total], ax ; write back sum in memory
    11                                  
    12 00000017 B8004C                  mov ax, 0x4c00 ; terminate program
    13 0000001A CD21                    int 0x21
    14 0000001C 0A0014001E00280032-     num1: dw 10, 20, 30, 40, 50, 10, 20, 30, 40, 50
    15 00000025 000A0014001E002800-
    16 0000002E 3200               
    17 00000030 0000                    total: dw 0
